[2026-07-15 09:57:15] DEBUG [asyncio.__init__:64] Using selector: KqueueSelector
[2026-07-15 09:57:32] INFO [bot.orders.create_order:30] Dispatching [LIMIT] order payload targeting BUY 4.0 BTCUSDT...
[2026-07-15 09:57:32] DEBUG [bot.client.send_signed_request:34] Sending POST request to /fapi/v1/order with payload: {'symbol': 'BTCUSDT', 'side': 'BUY', 'type': 'LIMIT', 'quantity': 4.0, 'price': 34.0, 'timeInForce': 'GTC', 'timestamp': 1784089652755}
[2026-07-15 09:57:32] DEBUG [urllib3.connectionpool._new_conn:1049] Starting new HTTPS connection (1): testnet.binancefuture.com:443
[2026-07-15 09:57:33] DEBUG [urllib3.connectionpool._make_request:544] https://testnet.binancefuture.com:443 "POST /fapi/v1/order?symbol=BTCUSDT&side=BUY&type=LIMIT&quantity=4.0&price=34.0&timeInForce=GTC&timestamp=1784089652755&signature=b0f0301227d4fb514b4c0f893ebd13b03c90a1e89df5a0b97966d6245fcb293d HTTP/1.1" 401 69
[2026-07-15 09:57:33] ERROR [bot.client.send_signed_request:41] Binance API Error [401]: {'code': -2015, 'msg': 'Invalid API-key, IP, or permissions for action'}
[2026-07-15 09:57:48] DEBUG [asyncio.__init__:64] Using selector: KqueueSelector
[2026-07-15 10:06:45] DEBUG [asyncio.__init__:64] Using selector: KqueueSelector
[2026-07-15 10:06:50] INFO [bot.orders.create_order:30] Dispatching [MARKET] order payload targeting BUY 4.0 BTCUSDT...
[2026-07-15 10:06:50] DEBUG [bot.client.send_signed_request:34] Sending POST request to /fapi/v1/order with payload: {'symbol': 'BTCUSDT', 'side': 'BUY', 'type': 'MARKET', 'quantity': 4.0, 'timestamp': 1784090210799}
[2026-07-15 10:06:50] DEBUG [urllib3.connectionpool._new_conn:1049] Starting new HTTPS connection (1): testnet.binancefuture.com:443
[2026-07-15 10:06:51] DEBUG [urllib3.connectionpool._make_request:544] https://testnet.binancefuture.com:443 "POST /fapi/v1/order?symbol=BTCUSDT&side=BUY&type=MARKET&quantity=4.0&timestamp=1784090210799&signature=96ca3cd9af9f68b10b5c51c0debea3a98fb2ea0ba7bc19f0291637505529df7b HTTP/1.1" 400 46
[2026-07-15 10:06:51] ERROR [bot.client.send_signed_request:41] Binance API Error [400]: {'code': -2019, 'msg': 'Margin is insufficient.'}
[2026-07-15 10:07:28] DEBUG [asyncio.__init__:64] Using selector: KqueueSelector
[2026-07-15 10:07:33] INFO [bot.orders.create_order:30] Dispatching [MARKET] order payload targeting BUY 56.0 BTCUSDT...
[2026-07-15 10:07:33] DEBUG [bot.client.send_signed_request:34] Sending POST request to /fapi/v1/order with payload: {'symbol': 'BTCUSDT', 'side': 'BUY', 'type': 'MARKET', 'quantity': 56.0, 'timestamp': 1784090253376}
[2026-07-15 10:07:33] DEBUG [urllib3.connectionpool._new_conn:1049] Starting new HTTPS connection (1): testnet.binancefuture.com:443
[2026-07-15 10:07:33] DEBUG [urllib3.connectionpool._make_request:544] https://testnet.binancefuture.com:443 "POST /fapi/v1/order?symbol=BTCUSDT&side=BUY&type=MARKET&quantity=56.0&timestamp=1784090253376&signature=9a8baa626a4bb49a805569ac33a7784900f1926947ac069ecdf846ca77839b72 HTTP/1.1" 400 46
[2026-07-15 10:07:33] ERROR [bot.client.send_signed_request:41] Binance API Error [400]: {'code': -2019, 'msg': 'Margin is insufficient.'}
[2026-07-15 10:08:25] DEBUG [asyncio.__init__:64] Using selector: KqueueSelector
[2026-07-15 10:08:29] INFO [bot.orders.create_order:30] Dispatching [MARKET] order payload targeting BUY 0.002 BTCUSDT...
[2026-07-15 10:08:29] DEBUG [bot.client.send_signed_request:34] Sending POST request to /fapi/v1/order with payload: {'symbol': 'BTCUSDT', 'side': 'BUY', 'type': 'MARKET', 'quantity': 0.002, 'timestamp': 1784090309487}
[2026-07-15 10:08:29] DEBUG [urllib3.connectionpool._new_conn:1049] Starting new HTTPS connection (1): testnet.binancefuture.com:443
[2026-07-15 10:08:30] DEBUG [urllib3.connectionpool._make_request:544] https://testnet.binancefuture.com:443 "POST /fapi/v1/order?symbol=BTCUSDT&side=BUY&type=MARKET&quantity=0.002&timestamp=1784090309487&signature=5db1fdd55282f3d0f607d6ca9d99a763ad6446105a50f571f0e973ef5aa136d9 HTTP/1.1" 200 None
[2026-07-15 10:08:30] DEBUG [bot.client.send_signed_request:44] API Response Successful: {'orderId': 21825110519, 'symbol': 'BTCUSDT', 'status': 'NEW', 'clientOrderId': 'qjNQOcREiLuV5g5M6N0qag', 'price': '0.00', 'origQty': '0.0020', 'executedQty': '0.0000', 'cumQty': '0.0000', 'timeInForce': 'GTC', 'type': 'MARKET', 'reduceOnly': False, 'closePosition': False, 'side': 'BUY', 'positionSide': 'BOTH', 'stopPrice': '0.00', 'workingType': 'CONTRACT_PRICE', 'priceProtect': False, 'origType': 'MARKET', 'priceMatch': 'NONE', 'selfTradePreventionMode': 'EXPIRE_MAKER', 'goodTillDate': 0, 'updateTime': 1784090310007}
[2026-07-15 10:09:54] DEBUG [asyncio.__init__:64] Using selector: KqueueSelector
[2026-07-15 10:10:09] INFO [bot.orders.create_order:30] Dispatching [LIMIT] order payload targeting BUY 0.002 BTCUSDT...
[2026-07-15 10:10:09] DEBUG [bot.client.send_signed_request:34] Sending POST request to /fapi/v1/order with payload: {'symbol': 'BTCUSDT', 'side': 'BUY', 'type': 'LIMIT', 'quantity': 0.002, 'price': 64000.0, 'timeInForce': 'GTC', 'timestamp': 1784090409916}
[2026-07-15 10:10:09] DEBUG [urllib3.connectionpool._new_conn:1049] Starting new HTTPS connection (1): testnet.binancefuture.com:443
[2026-07-15 10:10:10] DEBUG [urllib3.connectionpool._make_request:544] https://testnet.binancefuture.com:443 "POST /fapi/v1/order?symbol=BTCUSDT&side=BUY&type=LIMIT&quantity=0.002&price=64000.0&timeInForce=GTC&timestamp=1784090409916&signature=91923990c2005cbe9f89640461e9f0c9a51fb8b5ebd4670f48b30fd3b011f88a HTTP/1.1" 200 None
[2026-07-15 10:10:10] DEBUG [bot.client.send_signed_request:44] API Response Successful: {'orderId': 21825363868, 'symbol': 'BTCUSDT', 'status': 'NEW', 'clientOrderId': 'bzjR1HkCqFWnSlz8f0Vqi9', 'price': '64000.00', 'origQty': '0.0020', 'executedQty': '0.0000', 'cumQty': '0.0000', 'timeInForce': 'GTC', 'type': 'LIMIT', 'reduceOnly': False, 'closePosition': False, 'side': 'BUY', 'positionSide': 'BOTH', 'stopPrice': '0.00', 'workingType': 'CONTRACT_PRICE', 'priceProtect': False, 'origType': 'LIMIT', 'priceMatch': 'NONE', 'selfTradePreventionMode': 'EXPIRE_MAKER', 'goodTillDate': 0, 'updateTime': 1784090410148}
[2026-07-15 10:11:08] DEBUG [asyncio.__init__:64] Using selector: KqueueSelector
[2026-07-15 10:11:20] INFO [bot.orders.create_order:30] Dispatching [LIMIT] order payload targeting BUY 0.002 BTCUSDT...
[2026-07-15 10:11:20] DEBUG [bot.client.send_signed_request:34] Sending POST request to /fapi/v1/order with payload: {'symbol': 'BTCUSDT', 'side': 'BUY', 'type': 'LIMIT', 'quantity': 0.002, 'price': 65000.0, 'timeInForce': 'GTC', 'timestamp': 1784090480702}
[2026-07-15 10:11:20] DEBUG [urllib3.connectionpool._new_conn:1049] Starting new HTTPS connection (1): testnet.binancefuture.com:443
[2026-07-15 10:11:21] DEBUG [urllib3.connectionpool._make_request:544] https://testnet.binancefuture.com:443 "POST /fapi/v1/order?symbol=BTCUSDT&side=BUY&type=LIMIT&quantity=0.002&price=65000.0&timeInForce=GTC&timestamp=1784090480702&signature=c9dce94e1173f0037eaeb2f0ecf1dc9a3cdfb771df01ba345f4555f2a01d5173 HTTP/1.1" 200 None
[2026-07-15 10:11:21] DEBUG [bot.client.send_signed_request:44] API Response Successful: {'orderId': 21825548756, 'symbol': 'BTCUSDT', 'status': 'NEW', 'clientOrderId': 'sLABrxBpM7tU0hfppfOsKc', 'price': '65000.00', 'origQty': '0.0020', 'executedQty': '0.0000', 'cumQty': '0.0000', 'timeInForce': 'GTC', 'type': 'LIMIT', 'reduceOnly': False, 'closePosition': False, 'side': 'BUY', 'positionSide': 'BOTH', 'stopPrice': '0.00', 'workingType': 'CONTRACT_PRICE', 'priceProtect': False, 'origType': 'LIMIT', 'priceMatch': 'NONE', 'selfTradePreventionMode': 'EXPIRE_MAKER', 'goodTillDate': 0, 'updateTime': 1784090480971}
